Microchip MPLAB XC8 Compiler V2.10 ()

Linker command line:

-W-3 --edf=C:\Program Files (x86)\Microchip\xc8\v2.10\pic\dat\en_msgs.txt \
  -cs -h+dist/default/production\Laboratorio_3.X.production.sym \
  --cmf=dist/default/production\Laboratorio_3.X.production.cmf -z -Q16F887 \
  -oC:\Users\TOSHIBA\AppData\Local\Temp\sko8.2 --defsym=__MPLAB_BUILD=1 \
  -Mdist/default/production/Laboratorio_3.X.production.map -E1 -ver=XC8 \
  --acfsm=1493 -ASTACK=0110h-016Fh -pstack=STACK -ACODE=00h-07FFhx4 \
  -ASTRCODE=00h-01FFFh -ASTRING=00h-0FFhx32 -ACONST=00h-0FFhx32 \
  -AENTRY=00h-0FFhx32 -ACOMMON=070h-07Fh -ABANK0=020h-06Fh \
  -ABANK1=0A0h-0EFh -ABANK2=0110h-016Fh -ABANK3=0190h-01EFh \
  -ARAM=020h-06Fh,0A0h-0EFh,0110h-016Fh,0190h-01EFh \
  -AABS1=020h-07Fh,0A0h-0EFh,0110h-016Fh,0190h-01EFh -ASFR0=00h-01Fh \
  -ASFR1=080h-09Fh -ASFR2=0100h-010Fh -ASFR3=0180h-018Fh \
  -preset_vec=00h,intentry,init,end_init -ppowerup=CODE -pcinit=CODE \
  -pfunctab=ENTRY -ACONFIG=02007h-02008h -pconfig=CONFIG -DCONFIG=2 \
  -AIDLOC=02000h-02003h -pidloc=IDLOC -DIDLOC=2 -AEEDATA=00h-0FFh/02100h \
  -peeprom_data=EEDATA -DEEDATA=2 -DCODE=2 -DSTRCODE=2 -DSTRING=2 -DCONST=2 \
  -DENTRY=2 -k C:\Users\TOSHIBA\AppData\Local\Temp\sko8.o \
  dist/default/production\Laboratorio_3.X.production.o 

Object code version is 3.11

Machine type is 16F887



                Name                               Link     Load   Length Selector   Space Scale
C:\Users\TOSHIBA\AppData\Local\Temp\sko8.o
                end_init                              0        0        3        0       0
                config                             2007     2007        2     400E       0
dist/default/production\Laboratorio_3.X.production.o
                cinit                               7F3      7F3        D      FE6       0
                text1_split_1                       2A9      2A9      54A      552       0
                text34                             18A7     18A7        8     314E       0
                text33                             18A0     18A0        7     3140       0
                text32                             18C3     18C3       12     3186       0
                text31                             18B7     18B7        C     316E       0
                text30                             18E7     18E7       20     31CE       0
                text29                              8CA      8CA        D     1194       0
                text28                             1972     1972       27     32E4       0
                text27                             1A84     1A84       4C     3508       0
                text26                                E        E       13       1C       0
                text25                             1907     1907       22     320E       0
                text24                             1A3E     1A3E       46     347C       0
                text23                             113D     113D      1E3     227A       0
                text22                             1AD0     1AD0       4E     35A0       0
                text21                             1C31     1C31       A2     3862       0
                text20                                3        3        B        0       0
                text19                               21       21      288       42       0
                text18                             1929     1929       24     3252       0
                text17                             1003     1003       7C     2006       0
                text16                             1BCB     1BCB       66     3796       0
                text15                             1B1E     1B1E       54     363C       0
                text14                             194D     194D       25     329A       0
                text13                             1CD3     1CD3       BA     39A6       0
                text12                             107F     107F       BE     20FE       0
                text11                             1D8D     1D8D       BD     3B1A       0
                text10                             1999     1999       27     3332       0
                text9                               C9F      C9F      361     193E       0
                text8                              19FA     19FA       44     33F4       0
                text7                              19C0     19C0       3A     3380       0
                text6                              1320     1320      20B     2640       0
                text5                              18D5     18D5       12     31AA       0
                text4                               8D7      8D7       69     11AE       0
                text3                              1B72     1B72       59     36E4       0
                text2                               940      940      35F     1280       0
                text1                              152B     152B      2D5     2A56       0
                maintext                           1E4A     1E4A      1B6     3C94       0
                cstackBANK0                          20       20       50       20       1
                cstackCOMMON                         70       70        E       70       1
                cstackBANK1                          A0       A0       29       A0       1
                clrtext                            18AF     18AF        8     315E       0
                bssBANK1                             C9       C9       25       A0       1
                strings                             800      800       C6     1000       0

TOTAL           Name                               Link     Load   Length     Space
        CLASS   STACK          

        CLASS   CODE           
                end_init                              0        0        3         0
                cinit                               7F3      7F3        D         0
                text1_split_1                       2A9      2A9      54A         0
                text34                             18A7     18A7        8         0
                text33                             18A0     18A0        7         0
                text32                             18C3     18C3       12         0
                text31                             18B7     18B7        C         0
                text30                             18E7     18E7       20         0
                text29                              8CA      8CA        D         0
                text28                             1972     1972       27         0
                text27                             1A84     1A84       4C         0
                text26                                E        E       13         0
                text25                             1907     1907       22         0
                text24                             1A3E     1A3E       46         0
                text23                             113D     113D      1E3         0
                text22                             1AD0     1AD0       4E         0
                text21                             1C31     1C31       A2         0
                text20                                3        3        B         0
                text19                               21       21      288         0
                text18                             1929     1929       24         0
                text17                             1003     1003       7C         0
                text16                             1BCB     1BCB       66         0
                text15                             1B1E     1B1E       54         0
                text14                             194D     194D       25         0
                text13                             1CD3     1CD3       BA         0
                text12                             107F     107F       BE         0
                text11                             1D8D     1D8D       BD         0
                text10                             1999     1999       27         0
                text9                               C9F      C9F      361         0
                text8                              19FA     19FA       44         0
                text7                              19C0     19C0       3A         0
                text6                              1320     1320      20B         0
                text5                              18D5     18D5       12         0
                text4                               8D7      8D7       69         0
                text3                              1B72     1B72       59         0
                text2                               940      940      35F         0
                text1                              152B     152B      2D5         0
                maintext                           1E4A     1E4A      1B6         0
                clrtext                            18AF     18AF        8         0

        CLASS   STRCODE        

        CLASS   STRING         
                strings                             800      800       C6         0

        CLASS   CONST          

        CLASS   ENTRY          

        CLASS   COMMON         
                cstackCOMMON                         70       70        E         1

        CLASS   BANK0          
                cstackBANK0                          20       20       50         1

        CLASS   BANK1          
                cstackBANK1                          A0       A0       29         1
                bssBANK1                             C9       C9       25         1

        CLASS   BANK2          

        CLASS   BANK3          

        CLASS   RAM            

        CLASS   ABS1           
                abs_s1                               7E       7E        2         1

        CLASS   SFR0           

        CLASS   SFR1           

        CLASS   SFR2           

        CLASS   SFR3           

        CLASS   CONFIG         
                config                             2007     2007        2         0

        CLASS   IDLOC          

        CLASS   EEDATA         



SEGMENTS        Name                           Load    Length   Top    Selector   Space  Class     Delta

                reset_vec                      000000  00000E  00000E         0       0  CODE        2
                text26                         00000E  000013  000021        1C       0  CODE        2
                cstackBANK0                    000020  000050  000070        20       1  BANK0       1
                text19                         000021  000288  0002A9        42       0  CODE        2
                cstackCOMMON                   000070  00000E  00007E        70       1  COMMON      1
                cstackBANK1                    0000A0  00004E  0000EE        A0       1  BANK1       1
                text1_split_1                  0002A9  00054A  0007F3       552       0  CODE        2
                cinit                          0007F3  00000D  000800       FE6       0  CODE        2
                strings                        000800  0000C6  0008C6      1000       0  STRING      2
                text29                         0008CA  00000D  0008D7      1194       0  CODE        2
                text4                          0008D7  000069  000940      11AE       0  CODE        2
                text2                          000940  00035F  000C9F      1280       0  CODE        2
                text9                          000C9F  000361  001000      193E       0  CODE        2
                text17                         001003  00007C  00107F      2006       0  CODE        2
                text12                         00107F  0000BE  00113D      20FE       0  CODE        2
                text23                         00113D  0001E3  001320      227A       0  CODE        2
                text6                          001320  00020B  00152B      2640       0  CODE        2
                text1                          00152B  0002D5  001800      2A56       0  CODE        2
                text33                         0018A0  000007  0018A7      3140       0  CODE        2
                text34                         0018A7  000008  0018AF      314E       0  CODE        2
                clrtext                        0018AF  000008  0018B7      315E       0  CODE        2
                text31                         0018B7  00000C  0018C3      316E       0  CODE        2
                text32                         0018C3  000012  0018D5      3186       0  CODE        2
                text5                          0018D5  000012  0018E7      31AA       0  CODE        2
                text30                         0018E7  000020  001907      31CE       0  CODE        2
                text25                         001907  000022  001929      320E       0  CODE        2
                text18                         001929  000024  00194D      3252       0  CODE        2
                text14                         00194D  000025  001972      329A       0  CODE        2
                text28                         001972  000027  001999      32E4       0  CODE        2
                text10                         001999  000027  0019C0      3332       0  CODE        2
                text7                          0019C0  00003A  0019FA      3380       0  CODE        2
                text8                          0019FA  000044  001A3E      33F4       0  CODE        2
                text24                         001A3E  000046  001A84      347C       0  CODE        2
                text27                         001A84  00004C  001AD0      3508       0  CODE        2
                text22                         001AD0  00004E  001B1E      35A0       0  CODE        2
                text15                         001B1E  000054  001B72      363C       0  CODE        2
                text3                          001B72  000059  001BCB      36E4       0  CODE        2
                text16                         001BCB  000066  001C31      3796       0  CODE        2
                text21                         001C31  0000A2  001CD3      3862       0  CODE        2
                text13                         001CD3  0000BA  001D8D      39A6       0  CODE        2
                text11                         001D8D  0000BD  001E4A      3B1A       0  CODE        2
                maintext                       001E4A  0001B6  002000      3C94       0  CODE        2
                config                         002007  000002  002009      400E       0  CONFIG      2


UNUSED ADDRESS RANGES

        Name                Unused          Largest block    Delta
        BANK1            000EE-000EF               2           1
        BANK2            00110-0016F              60           1
        BANK3            00190-001EF              60           1
        CODE             008C6-008C9               4           2
                         01000-01002               3
                         01800-0189F              A0
        CONST            008C6-008C9               4           2
                         01000-01002               3
                         01800-0189F              A0
        EEDATA           02100-021FF             100           2
        ENTRY            008C6-008C9               4           2
                         01000-01002               3
                         01800-0189F              A0
        IDLOC            02000-02003               4           2
        RAM              000EE-000EF               2           1
                         00110-0016F              60
                         00190-001EF              60
        SFR0             00000-0001F              20           1
        SFR1             00080-0009F              20           1
        SFR2             00100-0010F              10           1
        SFR3             00180-0018F              10           1
        STACK            00110-0016F              60           1
        STRCODE          008C6-008C9               4           2
                         01000-01002               3
                         01800-0189F              A0
        STRING           008C6-008C9               4           2
                         01000-01002               3
                         01800-0189F              A0

                                  Symbol Table

?__Umul8_16               cstackCOMMON 00070
?___awdiv                 cstackCOMMON 00077
?___awmod                 cstackCOMMON 00070
?___fladd                 cstackBANK0  00052
?___fldiv                 cstackCOMMON 00070
?___flmul                 cstackBANK0  00024
?___flneg                 cstackCOMMON 00070
?___flsub                 cstackBANK0  00066
?___fltol                 cstackBANK0  00051
?___lldiv                 cstackCOMMON 00070
?___llmod                 cstackCOMMON 00070
?___lwdiv                 cstackCOMMON 00076
?___lwmod                 cstackCOMMON 00070
?___wmul                  cstackCOMMON 00070
?___xxtofl                cstackCOMMON 00070
?__div_to_l_              cstackCOMMON 00070
?__tdiv_to_l_             cstackCOMMON 00070
?_delay                   cstackCOMMON 00070
?_fround                  cstackBANK0  0003E
?_scale                   cstackBANK0  0003E
?_sprintf                 cstackBANK1  000A0
CHAR@a                    cstackCOMMON 00078
LCD_CURSOR@a              cstackCOMMON 0007B
LCD_CURSOR@b              cstackCOMMON 00079
LCD_INIT@a                cstackCOMMON 00078
WRITE@a                   cstackCOMMON 00079
WRITE@b                   cstackBANK0  00020
_ADC                      text34       018A7
_ADC1                     text33       018A0
_ADCON0bits               (abs)        0001F
_ADCON1bits               (abs)        0009F
_ADRESH                   (abs)        0001E
_ADRESL                   (abs)        0009E
_ANSEL                    (abs)        00188
_ANSELH                   (abs)        00189
_BUFFER                   bssBANK1     000DE
_CHAR                     text25       01907
_EN                       bssBANK1     000D7
_INTCONbits               (abs)        0000B
_INTERRUPCIONES           text32       018C3
_LCD_CLR                  text29       008CA
_LCD_CURSOR               text28       01972
_LCD_INIT                 text30       018E7
_LCD_PROG                 text27       01A84
_PIE1bits                 (abs)        0008C
_PIR1bits                 (abs)        0000C
_PORTA                    (abs)        00005
_PORTB                    (abs)        00006
_PORTC                    (abs)        00007
_PORTE                    (abs)        00009
_POT1                     bssBANK1     000CD
_POT2                     bssBANK1     000C9
_RS                       bssBANK1     000D5
_RW                       bssBANK1     000D3
_SETUP                    text26       0000E
_TRISA                    (abs)        00085
_TRISB                    (abs)        00086
_TRISC                    (abs)        00087
_TRISD                    (abs)        00088
_VAL_ADC                  bssBANK1     000DB
_VAL_ADC2                 bssBANK1     000D9
_VAR_LCD                  bssBANK1     000D1
_WRITE                    text24       01A3E
__CFG_BOR4V$BOR40V        (abs)        00000
__CFG_BOREN$OFF           (abs)        00000
__CFG_CP$OFF              (abs)        00000
__CFG_CPD$OFF             (abs)        00000
__CFG_FCMEN$OFF           (abs)        00000
__CFG_FOSC$INTRC_NOCLKOUT (abs)        00000
__CFG_IESO$OFF            (abs)        00000
__CFG_LVP$OFF             (abs)        00000
__CFG_MCLRE$OFF           (abs)        00000
__CFG_PWRTE$OFF           (abs)        00000
__CFG_WDTE$OFF            (abs)        00000
__CFG_WRT$OFF             (abs)        00000
__Habs1                   abs1         00000
__Hbank0                  bank0        00000
__Hbank1                  bank1        00000
__Hbank2                  bank2        00000
__Hbank3                  bank3        00000
__HbssBANK1               bssBANK1     00000
__Hcinit                  cinit        00800
__Hclrtext                clrtext      00000
__Hcode                   code         00000
__Hcommon                 common       00000
__Hconfig                 config       02009
__HcstackBANK0            cstackBANK0  00000
__HcstackBANK1            cstackBANK1  00000
__HcstackCOMMON           cstackCOMMON 00000
__Heeprom_data            eeprom_data  00000
__Hend_init               end_init     00003
__Hfunctab                functab      00000
__Hidloc                  idloc        00000
__Hinit                   init         00000
__Hintentry               intentry     00000
__Hmaintext               maintext     00000
__Hpowerup                powerup      00000
__Hram                    ram          00000
__Hreset_vec              reset_vec    00000
__Hsfr0                   sfr0         00000
__Hsfr1                   sfr1         00000
__Hsfr2                   sfr2         00000
__Hsfr3                   sfr3         00000
__Hspace_0                (abs)        02009
__Hspace_1                (abs)        000EE
__Hspace_2                (abs)        00000
__Hspace_3                (abs)        00000
__Hstack                  stack        00000
__Hstrings                strings      00000
__Htext                   text         00000
__Labs1                   abs1         00000
__Lbank0                  bank0        00000
__Lbank1                  bank1        00000
__Lbank2                  bank2        00000
__Lbank3                  bank3        00000
__LbssBANK1               bssBANK1     00000
__Lcinit                  cinit        007F3
__Lclrtext                clrtext      00000
__Lcode                   code         00000
__Lcommon                 common       00000
__Lconfig                 config       02007
__LcstackBANK0            cstackBANK0  00000
__LcstackBANK1            cstackBANK1  00000
__LcstackCOMMON           cstackCOMMON 00000
__Leeprom_data            eeprom_data  00000
__Lend_init               end_init     00000
__Lfunctab                functab      00000
__Lidloc                  idloc        00000
__Linit                   init         00000
__Lintentry               intentry     00000
__Lmaintext               maintext     00000
__Lpowerup                powerup      00000
__Lram                    ram          00000
__Lreset_vec              reset_vec    00000
__Lsfr0                   sfr0         00000
__Lsfr1                   sfr1         00000
__Lsfr2                   sfr2         00000
__Lsfr3                   sfr3         00000
__Lspace_0                (abs)        00000
__Lspace_1                (abs)        00000
__Lspace_2                (abs)        00000
__Lspace_3                (abs)        00000
__Lstack                  stack        00000
__Lstrings                strings      00000
__Ltext                   text         00000
__S0                      (abs)        02009
__S1                      (abs)        000EE
__S2                      (abs)        00000
__S3                      (abs)        00000
__Umul8_16                text10       01999
__Umul8_16@multiplicand   cstackCOMMON 00070
__Umul8_16@multiplier     cstackCOMMON 00078
__Umul8_16@product        cstackCOMMON 00074
__Umul8_16@word_mpld      cstackCOMMON 00076
___awdiv                  text4        008D7
___awdiv@counter          cstackBANK0  00020
___awdiv@dividend         cstackCOMMON 00079
___awdiv@divisor          cstackCOMMON 00077
___awdiv@quotient         cstackBANK0  00022
___awdiv@sign             cstackBANK0  00021
___awmod                  text3        01B72
___awmod@counter          cstackCOMMON 00075
___awmod@dividend         cstackCOMMON 00072
___awmod@divisor          cstackCOMMON 00070
___awmod@sign             cstackCOMMON 00076
___fladd                  text19       00021
___fladd@a                cstackBANK0  00056
___fladd@aexp             cstackBANK0  00063
___fladd@b                cstackBANK0  00052
___fladd@bexp             cstackBANK0  00064
___fladd@grs              cstackBANK0  00065
___fladd@signs            cstackBANK0  00062
___fldiv                  text23       0113D
___fldiv@a                cstackCOMMON 00070
___fldiv@aexp             cstackBANK0  0002C
___fldiv@b                cstackCOMMON 00074
___fldiv@bexp             cstackBANK0  0002B
___fldiv@grs              cstackBANK0  00027
___fldiv@new_exp          cstackBANK0  00025
___fldiv@rem              cstackBANK0  00020
___fldiv@sign             cstackBANK0  00024
___fleq                   text22       01AD0
___fleq@ff1               cstackCOMMON 00070
___fleq@ff2               cstackCOMMON 00074
___flge                   text21       01C31
___flge@ff1               cstackCOMMON 00070
___flge@ff2               cstackCOMMON 00074
___flmul                  text9        00C9F
___flmul@a                cstackBANK0  00028
___flmul@aexp             cstackBANK0  00036
___flmul@b                cstackBANK0  00024
___flmul@bexp             cstackBANK0  00037
___flmul@grs              cstackBANK0  00032
___flmul@prod             cstackBANK0  00038
___flmul@sign             cstackBANK0  00031
___flmul@temp             cstackBANK0  0003C
___flneg                  text20       00003
___flneg@f1               cstackCOMMON 00070
___flsub                  text18       01929
___flsub@a                cstackBANK0  00066
___flsub@b                cstackBANK0  0006A
___fltol                  text17       01003
___fltol@exp1             cstackBANK0  0005B
___fltol@f1               cstackBANK0  00051
___fltol@sign1            cstackBANK0  0005A
___int_sp                 stack        00000
___latbits                (abs)        00002
___lldiv                  text16       01BCB
___lldiv@counter          cstackCOMMON 0007D
___lldiv@dividend         cstackCOMMON 00074
___lldiv@divisor          cstackCOMMON 00070
___lldiv@quotient         cstackCOMMON 00079
___llmod                  text15       01B1E
___llmod@counter          cstackCOMMON 00079
___llmod@dividend         cstackCOMMON 00074
___llmod@divisor          cstackCOMMON 00070
___lwdiv                  text8        019FA
___lwdiv@counter          cstackCOMMON 0007D
___lwdiv@dividend         cstackCOMMON 00078
___lwdiv@divisor          cstackCOMMON 00076
___lwdiv@quotient         cstackCOMMON 0007B
___lwmod                  text7        019C0
___lwmod@counter          cstackCOMMON 00075
___lwmod@dividend         cstackCOMMON 00072
___lwmod@divisor          cstackCOMMON 00070
___sp                     stack        00000
___stackhi                (abs)        00000
___stacklo                (abs)        00000
___wmul                   text14       0194D
___wmul@multiplicand      cstackCOMMON 00072
___wmul@multiplier        cstackCOMMON 00070
___wmul@product           cstackCOMMON 00074
___xxtofl                 text13       01CD3
___xxtofl@arg             cstackCOMMON 0007A
___xxtofl@exp             cstackCOMMON 00079
___xxtofl@sign            cstackCOMMON 00078
___xxtofl@val             cstackCOMMON 00070
__div_to_l_               text12       0107F
__div_to_l_@cntr          cstackBANK0  00024
__div_to_l_@exp1          cstackBANK0  00025
__div_to_l_@f1            cstackCOMMON 00070
__div_to_l_@f2            cstackCOMMON 00074
__div_to_l_@quot          cstackBANK0  00020
__end_of_ADC              text34       018AF
__end_of_ADC1             text33       018A7
__end_of_CHAR             text25       01929
__end_of_INTERRUPCIONES   text32       018D5
__end_of_LCD_CLR          text29       008D7
__end_of_LCD_CURSOR       text28       01999
__end_of_LCD_INIT         text30       01907
__end_of_LCD_PROG         text27       01AD0
__end_of_SETUP            text26       00021
__end_of_WRITE            text24       01A84
__end_of__Umul8_16        text10       019C0
__end_of___awdiv          text4        00940
__end_of___awmod          text3        01BCB
__end_of___fladd          text19       002A9
__end_of___fldiv          text23       01320
__end_of___fleq           text22       01B1E
__end_of___flge           text21       01CD3
__end_of___flmul          text9        01000
__end_of___flneg          text20       0000E
__end_of___flsub          text18       0194D
__end_of___fltol          text17       0107F
__end_of___lldiv          text16       01C31
__end_of___llmod          text15       01B72
__end_of___lwdiv          text8        01A3E
__end_of___lwmod          text7        019FA
__end_of___wmul           text14       01972
__end_of___xxtofl         text13       01D8D
__end_of__div_to_l_       text12       0113D
__end_of__initialization  cinit        007FC
__end_of__npowers_        strings      00878
__end_of__powers_         strings      00844
__end_of__stringtab       strings      00810
__end_of__tdiv_to_l_      text11       01E4A
__end_of_delay            text31       018C3
__end_of_dpowers          strings      008A0
__end_of_fround           text6        0152B
__end_of_isdigit          text5        018E7
__end_of_main             maintext     02000
__end_of_scale            text2        00C9F
__end_of_sprintf          text1_split_1 007F3
__initialization          cinit        007F3
__npowers_                strings      00844
__pbssBANK1               bssBANK1     000C9
__pcstackBANK0            cstackBANK0  00020
__pcstackBANK1            cstackBANK1  000A0
__pcstackCOMMON           cstackCOMMON 00070
__pmaintext               maintext     01E4A
__powers_                 strings      00810
__pstrings                strings      00800
__ptext1                  text1        0152B
__ptext10                 text10       01999
__ptext11                 text11       01D8D
__ptext12                 text12       0107F
__ptext13                 text13       01CD3
__ptext14                 text14       0194D
__ptext15                 text15       01B1E
__ptext16                 text16       01BCB
__ptext17                 text17       01003
__ptext18                 text18       01929
__ptext19                 text19       00021
__ptext2                  text2        00940
__ptext20                 text20       00003
__ptext21                 text21       01C31
__ptext22                 text22       01AD0
__ptext23                 text23       0113D
__ptext24                 text24       01A3E
__ptext25                 text25       01907
__ptext26                 text26       0000E
__ptext27                 text27       01A84
__ptext28                 text28       01972
__ptext29                 text29       008CA
__ptext3                  text3        01B72
__ptext30                 text30       018E7
__ptext31                 text31       018B7
__ptext32                 text32       018C3
__ptext33                 text33       018A0
__ptext34                 text34       018A7
__ptext4                  text4        008D7
__ptext5                  text5        018D5
__ptext6                  text6        01320
__ptext7                  text7        019C0
__ptext8                  text8        019FA
__ptext9                  text9        00C9F
__size_of_ADC             (abs)        00000
__size_of_ADC1            (abs)        00000
__size_of_CHAR            (abs)        00000
__size_of_INTERRUPCIONES  (abs)        00000
__size_of_LCD_CLR         (abs)        00000
__size_of_LCD_CURSOR      (abs)        00000
__size_of_LCD_INIT        (abs)        00000
__size_of_LCD_PROG        (abs)        00000
__size_of_SETUP           (abs)        00000
__size_of_WRITE           (abs)        00000
__size_of__Umul8_16       (abs)        00000
__size_of___awdiv         (abs)        00000
__size_of___awmod         (abs)        00000
__size_of___fladd         (abs)        00000
__size_of___fldiv         (abs)        00000
__size_of___fleq          (abs)        00000
__size_of___flge          (abs)        00000
__size_of___flmul         (abs)        00000
__size_of___flneg         (abs)        00000
__size_of___flsub         (abs)        00000
__size_of___fltol         (abs)        00000
__size_of___lldiv         (abs)        00000
__size_of___llmod         (abs)        00000
__size_of___lwdiv         (abs)        00000
__size_of___lwmod         (abs)        00000
__size_of___wmul          (abs)        00000
__size_of___xxtofl        (abs)        00000
__size_of__div_to_l_      (abs)        00000
__size_of__tdiv_to_l_     (abs)        00000
__size_of_delay           (abs)        00000
__size_of_fround          (abs)        00000
__size_of_isdigit         (abs)        00000
__size_of_main            (abs)        00000
__size_of_scale           (abs)        00000
__size_of_sprintf         (abs)        00000
__stringbase              strings      0080F
__stringtab               strings      00800
__tdiv_to_l_              text11       01D8D
__tdiv_to_l_@cntr         cstackBANK0  00024
__tdiv_to_l_@exp1         cstackBANK0  00025
__tdiv_to_l_@f1           cstackCOMMON 00070
__tdiv_to_l_@f2           cstackCOMMON 00074
__tdiv_to_l_@quot         cstackBANK0  00020
_cursor                   bssBANK1     000DD
_delay                    text31       018B7
_dpowers                  strings      00878
_fround                   text6        01320
_fround$974               cstackBANK0  0004D
_fround$975               cstackBANK0  00049
_isdigit                  text5        018D5
_isdigit$797              cstackCOMMON 00070
_main                     maintext     01E4A
_scale                    text2        00940
_scale$976                cstackBANK0  0004C
_sprintf                  text1        0152B
_sprintf$977              cstackBANK1  000AE
btemp                     (abs)        0007E
clear_ram0                clrtext      018AF
delay@d                   cstackCOMMON 00074
end_of_initialization     cinit        007FC
fround@prec               cstackBANK0  00051
intlevel0                 functab      00000
intlevel1                 functab      00000
intlevel2                 functab      00000
intlevel3                 functab      00000
intlevel4                 functab      00000
intlevel5                 functab      00000
isdigit@c                 cstackCOMMON 00071
pnum$text1                (abs)        0000A
pnum$text1_split_1        (abs)        0002C
psplit$0                  (abs)        A002C
reset_vec                 reset_vec    00000
scale@scl                 cstackBANK0  00050
sprintf@ap                cstackBANK1  000B2
sprintf@c                 cstackBANK1  000C8
sprintf@eexp              cstackBANK1  000BB
sprintf@f                 cstackBANK1  000A0
sprintf@flag              cstackBANK1  000BD
sprintf@fval              cstackBANK1  000C1
sprintf@prec              cstackBANK1  000C5
sprintf@sp                cstackBANK1  000C7
sprintf@tmpval            cstackBANK1  000B7
sprintf@val               cstackBANK1  000B3
sprintf@width             cstackBANK1  000BF
start                     init         00000
start_initialization      cinit        007F3
wtemp0                    (abs)        0007E


FUNCTION INFORMATION:

 *************** function _main *****************
 Defined at:
		line 59 in file "Lab3.c"
 Parameters:    Size  Location     Type
		None
 Auto vars:     Size  Location     Type
		None
 Return value:  Size  Location     Type
                  1    wreg      void 
 Registers used:
		wreg, fsr0l, fsr0h, status,2, status,0, btemp+1, pclath, cstack
 Tracked objects:
		On entry : 
		On exit  : 
		Unchanged: 
 Data sizes:     COMMON   BANK0   BANK1   BANK3   BANK2
      Params:         0       0       0       0       0
      Locals:         0       0       0       0       0
      Temps:          0       2       0       0       0
      Totals:         0       2       0       0       0
Total ram usage:        2 bytes
 Hardware stack levels required when called:    4
 This function calls:
		_ADC
		_ADC1
		_INTERRUPCIONES
		_LCD_CLR
		_LCD_CURSOR
		_LCD_PROG
		_SETUP
		_WRITE
		___fldiv
		___flmul
		___xxtofl
		_sprintf
 This function is called by:
		Startup code after reset
 This function uses a non-reentrant model


 *************** function _sprintf *****************
 Defined at:
		line 505 in file "C:\Program Files (x86)\Microchip\xc8\v2.10\pic\sources\c90\common\doprnt.c"
 Parameters:    Size  Location     Type
  sp              1    wreg     PTR unsigned char 
		 -> BUFFER(16), 
  f               1    0[BANK1 ] PTR const unsigned char 
		 -> STR_2(14), 
 Auto vars:     Size  Location     Type
  sp              1   39[BANK1 ] PTR unsigned char 
		 -> BUFFER(16), 
  fval            4   33[BANK1 ] PTR unsigned char 
  tmpval          4   23[BANK1 ] struct .
  val             4   19[BANK1 ] unsigned long 
  prec            2   37[BANK1 ] int 
  width           2   31[BANK1 ] int 
  flag            2   29[BANK1 ] unsigned short 
  eexp            2   27[BANK1 ] int 
  cp              2    0        PTR const unsigned char 
  len             2    0        unsigned int 
  c               1   40[BANK1 ] unsigned char 
  ap              1   18[BANK1 ] PTR void [1]
		 -> ?_sprintf(2), 
  d               1    0        unsigned char 
 Return value:  Size  Location     Type
                  2    0[BANK1 ] int 
 Registers used:
		wreg, fsr0l, fsr0h, status,2, status,0, btemp+1, pclath, cstack
 Tracked objects:
		On entry : 
		On exit  : 
		Unchanged: 
 Data sizes:     COMMON   BANK0   BANK1   BANK3   BANK2
      Params:         0       0       9       0       0
      Locals:         0       0      27       0       0
      Temps:          0       0       5       0       0
      Totals:         0       0      41       0       0
Total ram usage:       41 bytes
 Hardware stack levels used:    1
 Hardware stack levels required when called:    3
 This function calls:
		___awdiv
		___fladd
		___fleq
		___flge
		___flmul
		___flneg
		___flsub
		___fltol
		___lldiv
		___llmod
		___wmul
		___xxtofl
		__div_to_l_
		__tdiv_to_l_
		_fround
		_isdigit
		_scale
 This function is called by:
		_main
 This function uses a non-reentrant model


 *************** function _scale *****************
 Defined at:
		line 433 in file "C:\Program Files (x86)\Microchip\xc8\v2.10\pic\sources\c90\common\doprnt.c"
 Parameters:    Size  Location     Type
  scl             1    wreg     char 
 Auto vars:     Size  Location     Type
  scl             1   48[BANK0 ] char 
 Return value:  Size  Location     Type
                  4   30[BANK0 ] char 
 Registers used:
		wreg, fsr0l, fsr0h, status,2, status,0, btemp+1, pclath, cstack
 Tracked objects:
		On entry : 
		On exit  : 
		Unchanged: 
 Data sizes:     COMMON   BANK0   BANK1   BANK3   BANK2
      Params:         0       4       0       0       0
      Locals:         0       5       0       0       0
      Temps:          0      10       0       0       0
      Totals:         0      19       0       0       0
Total ram usage:       19 bytes
 Hardware stack levels used:    1
 Hardware stack levels required when called:    2
 This function calls:
		___awdiv
		___awmod
		___flmul
 This function is called by:
		_sprintf
 This function uses a non-reentrant model


 *************** function ___awmod *****************
 Defined at:
		line 5 in file "C:\Program Files (x86)\Microchip\xc8\v2.10\pic\sources\c90\common\awmod.c"
 Parameters:    Size  Location     Type
  divisor         2    0[COMMON] int 
  dividend        2    2[COMMON] int 
 Auto vars:     Size  Location     Type
  sign            1    6[COMMON] unsigned char 
  counter         1    5[COMMON] unsigned char 
 Return value:  Size  Location     Type
                  2    0[COMMON] int 
 Registers used:
		wreg, status,2, status,0
 Tracked objects:
		On entry : 
		On exit  : 
		Unchanged: 
 Data sizes:     COMMON   BANK0   BANK1   BANK3   BANK2
      Params:         4       0       0       0       0
      Locals:         2       0       0       0       0
      Temps:          1       0       0       0       0
      Totals:         7       0       0       0       0
Total ram usage:        7 bytes
 Hardware stack levels used:    1
 This function calls:
		Nothing
 This function is called by:
		_scale
 This function uses a non-reentrant model


 *************** function ___awdiv *****************
 Defined at:
		line 5 in file "C:\Program Files (x86)\Microchip\xc8\v2.10\pic\sources\c90\common\awdiv.c"
 Parameters:    Size  Location     Type
  divisor         2    7[COMMON] int 
  dividend        2    9[COMMON] int 
 Auto vars:     Size  Location     Type
  quotient        2    2[BANK0 ] int 
  sign            1    1[BANK0 ] unsigned char 
  counter         1    0[BANK0 ] unsigned char 
 Return value:  Size  Location     Type
                  2    7[COMMON] int 
 Registers used:
		wreg, status,2, status,0
 Tracked objects:
		On entry : 
		On exit  : 
		Unchanged: 
 Data sizes:     COMMON   BANK0   BANK1   BANK3   BANK2
      Params:         4       0       0       0       0
      Locals:         0       4       0       0       0
      Temps:          1       0       0       0       0
      Totals:         5       4       0       0       0
Total ram usage:        9 bytes
 Hardware stack levels used:    1
 This function calls:
		Nothing
 This function is called by:
		_scale
		_sprintf
 This function uses a non-reentrant model


 *************** function _isdigit *****************
 Defined at:
		line 8 in file "C:\Program Files (x86)\Microchip\xc8\v2.10\pic\sources\c90\common\isdigit.c"
 Parameters:    Size  Location     Type
  c               1    wreg     unsigned char 
 Auto vars:     Size  Location     Type
  c               1    1[COMMON] unsigned char 
 Return value:  Size  Location     Type
		None               void
 Registers used:
		wreg, status,2, status,0
 Tracked objects:
		On entry : 
		On exit  : 
		Unchanged: 
 Data sizes:     COMMON   BANK0   BANK1   BANK3   BANK2
      Params:         0       0       0       0       0
      Locals:         2       0       0       0       0
      Temps:          0       0       0       0       0
      Totals:         2       0       0       0       0
Total ram usage:        2 bytes
 Hardware stack levels used:    1
 This function calls:
		Nothing
 This function is called by:
		_sprintf
 This function uses a non-reentrant model


 *************** function _fround *****************
 Defined at:
		line 417 in file "C:\Program Files (x86)\Microchip\xc8\v2.10\pic\sources\c90\common\doprnt.c"
 Parameters:    Size  Location     Type
  prec            1    wreg     unsigned char 
 Auto vars:     Size  Location     Type
  prec            1   49[BANK0 ] unsigned char 
 Return value:  Size  Location     Type
                  4   30[BANK0 ] unsigned char 
 Registers used:
		wreg, fsr0l, fsr0h, status,2, status,0, btemp+1, pclath, cstack
 Tracked objects:
		On entry : 
		On exit  : 
		Unchanged: 
 Data sizes:     COMMON   BANK0   BANK1   BANK3   BANK2
      Params:         0       4       0       0       0
      Locals:         0       9       0       0       0
      Temps:          0       7       0       0       0
      Totals:         0      20       0       0       0
Total ram usage:       20 bytes
 Hardware stack levels used:    1
 Hardware stack levels required when called:    2
 This function calls:
		___flmul
		___lwdiv
		___lwmod
 This function is called by:
		_sprintf
 This function uses a non-reentrant model


 *************** function ___lwmod *****************
 Defined at:
		line 5 in file "C:\Program Files (x86)\Microchip\xc8\v2.10\pic\sources\c90\common\lwmod.c"
 Parameters:    Size  Location     Type
  divisor         2    0[COMMON] unsigned int 
  dividend        2    2[COMMON] unsigned int 
 Auto vars:     Size  Location     Type
  counter         1    5[COMMON] unsigned char 
 Return value:  Size  Location     Type
                  2    0[COMMON] unsigned int 
 Registers used:
		wreg, status,2, status,0
 Tracked objects:
		On entry : 
		On exit  : 
		Unchanged: 
 Data sizes:     COMMON   BANK0   BANK1   BANK3   BANK2
      Params:         4       0       0       0       0
      Locals:         1       0       0       0       0
      Temps:          1       0       0       0       0
      Totals:         6       0       0       0       0
Total ram usage:        6 bytes
 Hardware stack levels used:    1
 This function calls:
		Nothing
 This function is called by:
		_fround
 This function uses a non-reentrant model


 *************** function ___lwdiv *****************
 Defined at:
		line 5 in file "C:\Program Files (x86)\Microchip\xc8\v2.10\pic\sources\c90\common\lwdiv.c"
 Parameters:    Size  Location     Type
  divisor         2    6[COMMON] unsigned int 
  dividend        2    8[COMMON] unsigned int 
 Auto vars:     Size  Location     Type
  quotient        2   11[COMMON] unsigned int 
  counter         1   13[COMMON] unsigned char 
 Return value:  Size  Location     Type
                  2    6[COMMON] unsigned int 
 Registers used:
		wreg, status,2, status,0
 Tracked objects:
		On entry : 
		On exit  : 
		Unchanged: 
 Data sizes:     COMMON   BANK0   BANK1   BANK3   BANK2
      Params:         4       0       0       0       0
      Locals:         3       0       0       0       0
      Temps:          1       0       0       0       0
      Totals:         8       0       0       0       0
Total ram usage:        8 bytes
 Hardware stack levels used:    1
 This function calls:
		Nothing
 This function is called by:
		_fround
 This function uses a non-reentrant model


 *************** function ___flmul *****************
 Defined at:
		line 8 in file "C:\Program Files (x86)\Microchip\xc8\v2.10\pic\sources\c90\common\sprcmul.c"
 Parameters:    Size  Location     Type
  b               4    4[BANK0 ] unsigned int 
  a               4    8[BANK0 ] unsigned int 
 Auto vars:     Size  Location     Type
  prod            4   24[BANK0 ] struct .
  grs             4   18[BANK0 ] unsigned long 
  temp            2   28[BANK0 ] struct .
  bexp            1   23[BANK0 ] unsigned char 
  aexp            1   22[BANK0 ] unsigned char 
  sign            1   17[BANK0 ] unsigned char 
 Return value:  Size  Location     Type
                  4    4[BANK0 ] unsigned char 
 Registers used:
		wreg, status,2, status,0, btemp+1, pclath, cstack
 Tracked objects:
		On entry : 
		On exit  : 
		Unchanged: 
 Data sizes:     COMMON   BANK0   BANK1   BANK3   BANK2
      Params:         0       8       0       0       0
      Locals:         0      13       0       0       0
      Temps:          0       5       0       0       0
      Totals:         0      26       0       0       0
Total ram usage:       26 bytes
 Hardware stack levels used:    1
 Hardware stack levels required when called:    1
 This function calls:
		__Umul8_16
 This function is called by:
		_main
		_fround
		_scale
		_sprintf
 This function uses a non-reentrant model


 *************** function __Umul8_16 *****************
 Defined at:
		line 4 in file "C:\Program Files (x86)\Microchip\xc8\v2.10\pic\sources\c90\common\Umul8_16.c"
 Parameters:    Size  Location     Type
  multiplier      1    wreg     unsigned char 
  multiplicand    1    0[COMMON] unsigned char 
 Auto vars:     Size  Location     Type
  multiplier      1    8[COMMON] unsigned char 
  word_mpld       2    6[COMMON] unsigned int 
  product         2    4[COMMON] unsigned int 
 Return value:  Size  Location     Type
                  2    0[COMMON] unsigned int 
 Registers used:
		wreg, status,2, status,0
 Tracked objects:
		On entry : 
		On exit  : 
		Unchanged: 
 Data sizes:     COMMON   BANK0   BANK1   BANK3   BANK2
      Params:         2       0       0       0       0
      Locals:         5       0       0       0       0
      Temps:          2       0       0       0       0
      Totals:         9       0       0       0       0
Total ram usage:        9 bytes
 Hardware stack levels used:    1
 This function calls:
		Nothing
 This function is called by:
		___flmul
 This function uses a non-reentrant model


 *************** function __tdiv_to_l_ *****************
 Defined at:
		line 60 in file "C:\Program Files (x86)\Microchip\xc8\v2.10\pic\sources\c90\common\ftdivl.c"
 Parameters:    Size  Location     Type
  f1              4    0[COMMON] float 
  f2              4    4[COMMON] float 
 Auto vars:     Size  Location     Type
  quot            4    0[BANK0 ] unsigned long 
  exp1            1    5[BANK0 ] unsigned char 
  cntr            1    4[BANK0 ] unsigned char 
 Return value:  Size  Location     Type
                  4    0[COMMON] unsigned long 
 Registers used:
		wreg, status,2, status,0
 Tracked objects:
		On entry : 
		On exit  : 
		Unchanged: 
 Data sizes:     COMMON   BANK0   BANK1   BANK3   BANK2
      Params:         8       0       0       0       0
      Locals:         0       6       0       0       0
      Temps:          4       0       0       0       0
      Totals:        12       6       0       0       0
Total ram usage:       18 bytes
 Hardware stack levels used:    1
 This function calls:
		Nothing
 This function is called by:
		_sprintf
 This function uses a non-reentrant model


 *************** function __div_to_l_ *****************
 Defined at:
		line 60 in file "C:\Program Files (x86)\Microchip\xc8\v2.10\pic\sources\c90\common\fldivl.c"
 Parameters:    Size  Location     Type
  f1              4    0[COMMON] unsigned long 
  f2              4    4[COMMON] unsigned long 
 Auto vars:     Size  Location     Type
  quot            4    0[BANK0 ] unsigned long 
  exp1            1    5[BANK0 ] unsigned char 
  cntr            1    4[BANK0 ] unsigned char 
 Return value:  Size  Location     Type
                  4    0[COMMON] unsigned long 
 Registers used:
		wreg, status,2, status,0
 Tracked objects:
		On entry : 
		On exit  : 
		Unchanged: 
 Data sizes:     COMMON   BANK0   BANK1   BANK3   BANK2
      Params:         8       0       0       0       0
      Locals:         0       6       0       0       0
      Temps:          1       0       0       0       0
      Totals:         9       6       0       0       0
Total ram usage:       15 bytes
 Hardware stack levels used:    1
 This function calls:
		Nothing
 This function is called by:
		_sprintf
 This function uses a non-reentrant model


 *************** function ___xxtofl *****************
 Defined at:
		line 10 in file "C:\Program Files (x86)\Microchip\xc8\v2.10\pic\sources\c90\common\xxtofl.c"
 Parameters:    Size  Location     Type
  sign            1    wreg     unsigned char 
  val             4    0[COMMON] long 
 Auto vars:     Size  Location     Type
  sign            1    8[COMMON] unsigned char 
  arg             4   10[COMMON] unsigned long 
  exp             1    9[COMMON] unsigned char 
 Return value:  Size  Location     Type
                  4    0[COMMON] unsigned char 
 Registers used:
		wreg, status,2, status,0
 Tracked objects:
		On entry : 
		On exit  : 
		Unchanged: 
 Data sizes:     COMMON   BANK0   BANK1   BANK3   BANK2
      Params:         4       0       0       0       0
      Locals:         6       0       0       0       0
      Temps:          4       0       0       0       0
      Totals:        14       0       0       0       0
Total ram usage:       14 bytes
 Hardware stack levels used:    1
 This function calls:
		Nothing
 This function is called by:
		_main
		_sprintf
 This function uses a non-reentrant model


 *************** function ___wmul *****************
 Defined at:
		line 15 in file "C:\Program Files (x86)\Microchip\xc8\v2.10\pic\sources\c90\common\Umul16.c"
 Parameters:    Size  Location     Type
  multiplier      2    0[COMMON] unsigned int 
  multiplicand    2    2[COMMON] unsigned int 
 Auto vars:     Size  Location     Type
  product         2    4[COMMON] unsigned int 
 Return value:  Size  Location     Type
                  2    0[COMMON] unsigned int 
 Registers used:
		wreg, status,2, status,0
 Tracked objects:
		On entry : 
		On exit  : 
		Unchanged: 
 Data sizes:     COMMON   BANK0   BANK1   BANK3   BANK2
      Params:         4       0       0       0       0
      Locals:         2       0       0       0       0
      Temps:          0       0       0       0       0
      Totals:         6       0       0       0       0
Total ram usage:        6 bytes
 Hardware stack levels used:    1
 This function calls:
		Nothing
 This function is called by:
		_sprintf
 This function uses a non-reentrant model


 *************** function ___llmod *****************
 Defined at:
		line 5 in file "C:\Program Files (x86)\Microchip\xc8\v2.10\pic\sources\c90\common\llmod.c"
 Parameters:    Size  Location     Type
  divisor         4    0[COMMON] unsigned long 
  dividend        4    4[COMMON] unsigned long 
 Auto vars:     Size  Location     Type
  counter         1    9[COMMON] unsigned char 
 Return value:  Size  Location     Type
                  4    0[COMMON] unsigned long 
 Registers used:
		wreg, status,2, status,0
 Tracked objects:
		On entry : 
		On exit  : 
		Unchanged: 
 Data sizes:     COMMON   BANK0   BANK1   BANK3   BANK2
      Params:         8       0       0       0       0
      Locals:         1       0       0       0       0
      Temps:          1       0       0       0       0
      Totals:        10       0       0       0       0
Total ram usage:       10 bytes
 Hardware stack levels used:    1
 This function calls:
		Nothing
 This function is called by:
		_sprintf
 This function uses a non-reentrant model


 *************** function ___lldiv *****************
 Defined at:
		line 5 in file "C:\Program Files (x86)\Microchip\xc8\v2.10\pic\sources\c90\common\__lldiv.c"
 Parameters:    Size  Location     Type
  divisor         4    0[COMMON] unsigned long 
  dividend        4    4[COMMON] unsigned long 
 Auto vars:     Size  Location     Type
  quotient        4    9[COMMON] unsigned long 
  counter         1   13[COMMON] unsigned char 
 Return value:  Size  Location     Type
                  4    0[COMMON] unsigned long 
 Registers used:
		wreg, status,2, status,0
 Tracked objects:
		On entry : 
		On exit  : 
		Unchanged: 
 Data sizes:     COMMON   BANK0   BANK1   BANK3   BANK2
      Params:         8       0       0       0       0
      Locals:         5       0       0       0       0
      Temps:          1       0       0       0       0
      Totals:        14       0       0       0       0
Total ram usage:       14 bytes
 Hardware stack levels used:    1
 This function calls:
		Nothing
 This function is called by:
		_sprintf
 This function uses a non-reentrant model


 *************** function ___fltol *****************
 Defined at:
		line 43 in file "C:\Program Files (x86)\Microchip\xc8\v2.10\pic\sources\c90\common\fltol.c"
 Parameters:    Size  Location     Type
  f1              4   49[BANK0 ] unsigned long 
 Auto vars:     Size  Location     Type
  exp1            1   59[BANK0 ] unsigned char 
  sign1           1   58[BANK0 ] unsigned char 
 Return value:  Size  Location     Type
                  4   49[BANK0 ] long 
 Registers used:
		wreg, status,2, status,0
 Tracked objects:
		On entry : 
		On exit  : 
		Unchanged: 
 Data sizes:     COMMON   BANK0   BANK1   BANK3   BANK2
      Params:         0       4       0       0       0
      Locals:         0       2       0       0       0
      Temps:          0       5       0       0       0
      Totals:         0      11       0       0       0
Total ram usage:       11 bytes
 Hardware stack levels used:    1
 This function calls:
		Nothing
 This function is called by:
		_sprintf
 This function uses a non-reentrant model


 *************** function ___flsub *****************
 Defined at:
		line 242 in file "C:\Program Files (x86)\Microchip\xc8\v2.10\pic\sources\c90\common\sprcadd.c"
 Parameters:    Size  Location     Type
  a               4   70[BANK0 ] long 
  b               4   74[BANK0 ] long 
 Auto vars:     Size  Location     Type
		None
 Return value:  Size  Location     Type
                  4   70[BANK0 ] long 
 Registers used:
		wreg, status,2, status,0, btemp+1, pclath, cstack
 Tracked objects:
		On entry : 
		On exit  : 
		Unchanged: 
 Data sizes:     COMMON   BANK0   BANK1   BANK3   BANK2
      Params:         0       8       0       0       0
      Locals:         0       0       0       0       0
      Temps:          0       0       0       0       0
      Totals:         0       8       0       0       0
Total ram usage:        8 bytes
 Hardware stack levels used:    1
 Hardware stack levels required when called:    1
 This function calls:
		___fladd
 This function is called by:
		_sprintf
 This function uses a non-reentrant model


 *************** function ___fladd *****************
 Defined at:
		line 10 in file "C:\Program Files (x86)\Microchip\xc8\v2.10\pic\sources\c90\common\sprcadd.c"
 Parameters:    Size  Location     Type
  b               4   50[BANK0 ] long 
  a               4   54[BANK0 ] long 
 Auto vars:     Size  Location     Type
  grs             1   69[BANK0 ] unsigned char 
  bexp            1   68[BANK0 ] unsigned char 
  aexp            1   67[BANK0 ] unsigned char 
  signs           1   66[BANK0 ] unsigned char 
 Return value:  Size  Location     Type
                  4   50[BANK0 ] unsigned char 
 Registers used:
		wreg, status,2, status,0, btemp+1
 Tracked objects:
		On entry : 
		On exit  : 
		Unchanged: 
 Data sizes:     COMMON   BANK0   BANK1   BANK3   BANK2
      Params:         0       8       0       0       0
      Locals:         0       4       0       0       0
      Temps:          0       8       0       0       0
      Totals:         0      20       0       0       0
Total ram usage:       20 bytes
 Hardware stack levels used:    1
 This function calls:
		Nothing
 This function is called by:
		_sprintf
		___flsub
 This function uses a non-reentrant model


 *************** function ___flneg *****************
 Defined at:
		line 15 in file "C:\Program Files (x86)\Microchip\xc8\v2.10\pic\sources\c90\common\flneg.c"
 Parameters:    Size  Location     Type
  f1              4    0[COMMON] unsigned char 
 Auto vars:     Size  Location     Type
		None
 Return value:  Size  Location     Type
                  4    0[COMMON] unsigned char 
 Registers used:
		wreg
 Tracked objects:
		On entry : 
		On exit  : 
		Unchanged: 
 Data sizes:     COMMON   BANK0   BANK1   BANK3   BANK2
      Params:         4       0       0       0       0
      Locals:         0       0       0       0       0
      Temps:          0       0       0       0       0
      Totals:         4       0       0       0       0
Total ram usage:        4 bytes
 Hardware stack levels used:    1
 This function calls:
		Nothing
 This function is called by:
		_sprintf
 This function uses a non-reentrant model


 *************** function ___flge *****************
 Defined at:
		line 4 in file "C:\Program Files (x86)\Microchip\xc8\v2.10\pic\sources\c90\common\flge.c"
 Parameters:    Size  Location     Type
  ff1             4    0[COMMON] unsigned char 
  ff2             4    4[COMMON] unsigned char 
 Auto vars:     Size  Location     Type
		None
 Return value:  Size  Location     Type
		None               void
 Registers used:
		wreg, status,2, status,0
 Tracked objects:
		On entry : 
		On exit  : 
		Unchanged: 
 Data sizes:     COMMON   BANK0   BANK1   BANK3   BANK2
      Params:         8       0       0       0       0
      Locals:         0       0       0       0       0
      Temps:          4       0       0       0       0
      Totals:        12       0       0       0       0
Total ram usage:       12 bytes
 Hardware stack levels used:    1
 This function calls:
		Nothing
 This function is called by:
		_sprintf
 This function uses a non-reentrant model


 *************** function ___fleq *****************
 Defined at:
		line 4 in file "C:\Program Files (x86)\Microchip\xc8\v2.10\pic\sources\c90\common\fleq.c"
 Parameters:    Size  Location     Type
  ff1             4    0[COMMON] unsigned char 
  ff2             4    4[COMMON] unsigned char 
 Auto vars:     Size  Location     Type
		None
 Return value:  Size  Location     Type
		None               void
 Registers used:
		wreg, status,2, status,0
 Tracked objects:
		On entry : 
		On exit  : 
		Unchanged: 
 Data sizes:     COMMON   BANK0   BANK1   BANK3   BANK2
      Params:         8       0       0       0       0
      Locals:         0       0       0       0       0
      Temps:          4       0       0       0       0
      Totals:        12       0       0       0       0
Total ram usage:       12 bytes
 Hardware stack levels used:    1
 This function calls:
		Nothing
 This function is called by:
		_sprintf
 This function uses a non-reentrant model


 *************** function ___fldiv *****************
 Defined at:
		line 8 in file "C:\Program Files (x86)\Microchip\xc8\v2.10\pic\sources\c90\common\sprcdiv.c"
 Parameters:    Size  Location     Type
  a               4    0[COMMON] unsigned char 
  b               4    4[COMMON] unsigned char 
 Auto vars:     Size  Location     Type
  grs             4    7[BANK0 ] unsigned long 
  rem             4    0[BANK0 ] unsigned long 
  new_exp         2    5[BANK0 ] int 
  aexp            1   12[BANK0 ] unsigned char 
  bexp            1   11[BANK0 ] unsigned char 
  sign            1    4[BANK0 ] unsigned char 
 Return value:  Size  Location     Type
                  4    0[COMMON] unsigned char 
 Registers used:
		wreg, status,2, status,0, btemp+1
 Tracked objects:
		On entry : 
		On exit  : 
		Unchanged: 
 Data sizes:     COMMON   BANK0   BANK1   BANK3   BANK2
      Params:         8       0       0       0       0
      Locals:         0      13       0       0       0
      Temps:          5       0       0       0       0
      Totals:        13      13       0       0       0
Total ram usage:       26 bytes
 Hardware stack levels used:    1
 This function calls:
		Nothing
 This function is called by:
		_main
 This function uses a non-reentrant model


 *************** function _WRITE *****************
 Defined at:
		line 61 in file "lcd.c"
 Parameters:    Size  Location     Type
  a               2    9[COMMON] PTR unsigned char 
		 -> STR_4(2), STR_3(2), BUFFER(16), STR_1(22), 
 Auto vars:     Size  Location     Type
  b               2    0[BANK0 ] int 
 Return value:  Size  Location     Type
                  1    wreg      void 
 Registers used:
		wreg, fsr0l, fsr0h, status,2, status,0, btemp+1, pclath, cstack
 Tracked objects:
		On entry : 
		On exit  : 
		Unchanged: 
 Data sizes:     COMMON   BANK0   BANK1   BANK3   BANK2
      Params:         2       0       0       0       0
      Locals:         0       2       0       0       0
      Temps:          3       0       0       0       0
      Totals:         5       2       0       0       0
Total ram usage:        7 bytes
 Hardware stack levels used:    1
 Hardware stack levels required when called:    2
 This function calls:
		_CHAR
 This function is called by:
		_main
 This function uses a non-reentrant model


 *************** function _CHAR *****************
 Defined at:
		line 52 in file "lcd.c"
 Parameters:    Size  Location     Type
  a               1    wreg     unsigned char 
 Auto vars:     Size  Location     Type
  a               1    8[COMMON] unsigned char 
 Return value:  Size  Location     Type
                  1    wreg      void 
 Registers used:
		wreg, status,2, status,0, pclath, cstack
 Tracked objects:
		On entry : 
		On exit  : 
		Unchanged: 
 Data sizes:     COMMON   BANK0   BANK1   BANK3   BANK2
      Params:         0       0       0       0       0
      Locals:         1       0       0       0       0
      Temps:          2       0       0       0       0
      Totals:         3       0       0       0       0
Total ram usage:        3 bytes
 Hardware stack levels used:    1
 Hardware stack levels required when called:    1
 This function calls:
		_delay
 This function is called by:
		_WRITE
 This function uses a non-reentrant model


 *************** function _SETUP *****************
 Defined at:
		line 44 in file "Lab3.c"
 Parameters:    Size  Location     Type
		None
 Auto vars:     Size  Location     Type
		None
 Return value:  Size  Location     Type
                  1    wreg      void 
 Registers used:
		wreg, status,2
 Tracked objects:
		On entry : 
		On exit  : 
		Unchanged: 
 Data sizes:     COMMON   BANK0   BANK1   BANK3   BANK2
      Params:         0       0       0       0       0
      Locals:         0       0       0       0       0
      Temps:          0       0       0       0       0
      Totals:         0       0       0       0       0
Total ram usage:        0 bytes
 Hardware stack levels used:    1
 This function calls:
		Nothing
 This function is called by:
		_main
 This function uses a non-reentrant model


 *************** function _LCD_PROG *****************
 Defined at:
		line 38 in file "lcd.c"
 Parameters:    Size  Location     Type
		None
 Auto vars:     Size  Location     Type
		None
 Return value:  Size  Location     Type
                  1    wreg      void 
 Registers used:
		wreg, status,2, status,0, pclath, cstack
 Tracked objects:
		On entry : 
		On exit  : 
		Unchanged: 
 Data sizes:     COMMON   BANK0   BANK1   BANK3   BANK2
      Params:         0       0       0       0       0
      Locals:         0       0       0       0       0
      Temps:          0       0       0       0       0
      Totals:         0       0       0       0       0
Total ram usage:        0 bytes
 Hardware stack levels used:    1
 Hardware stack levels required when called:    2
 This function calls:
		_LCD_INIT
		_delay
 This function is called by:
		_main
 This function uses a non-reentrant model


 *************** function _LCD_CURSOR *****************
 Defined at:
		line 27 in file "lcd.c"
 Parameters:    Size  Location     Type
  a               1    wreg     unsigned char 
  b               1    9[COMMON] unsigned char 
 Auto vars:     Size  Location     Type
  a               1   11[COMMON] unsigned char 
 Return value:  Size  Location     Type
                  1    wreg      void 
 Registers used:
		wreg, status,2, status,0, pclath, cstack
 Tracked objects:
		On entry : 
		On exit  : 
		Unchanged: 
 Data sizes:     COMMON   BANK0   BANK1   BANK3   BANK2
      Params:         1       0       0       0       0
      Locals:         1       0       0       0       0
      Temps:          1       0       0       0       0
      Totals:         3       0       0       0       0
Total ram usage:        3 bytes
 Hardware stack levels used:    1
 Hardware stack levels required when called:    2
 This function calls:
		_LCD_INIT
 This function is called by:
		_main
 This function uses a non-reentrant model


 *************** function _LCD_CLR *****************
 Defined at:
		line 22 in file "lcd.c"
 Parameters:    Size  Location     Type
		None
 Auto vars:     Size  Location     Type
		None
 Return value:  Size  Location     Type
                  1    wreg      void 
 Registers used:
		wreg, status,2, status,0, pclath, cstack
 Tracked objects:
		On entry : 
		On exit  : 
		Unchanged: 
 Data sizes:     COMMON   BANK0   BANK1   BANK3   BANK2
      Params:         0       0       0       0       0
      Locals:         0       0       0       0       0
      Temps:          0       0       0       0       0
      Totals:         0       0       0       0       0
Total ram usage:        0 bytes
 Hardware stack levels used:    1
 Hardware stack levels required when called:    2
 This function calls:
		_LCD_INIT
 This function is called by:
		_main
 This function uses a non-reentrant model


 *************** function _LCD_INIT *****************
 Defined at:
		line 13 in file "lcd.c"
 Parameters:    Size  Location     Type
  a               1    wreg     unsigned char 
 Auto vars:     Size  Location     Type
  a               1    8[COMMON] unsigned char 
 Return value:  Size  Location     Type
                  1    wreg      void 
 Registers used:
		wreg, status,2, status,0, pclath, cstack
 Tracked objects:
		On entry : 
		On exit  : 
		Unchanged: 
 Data sizes:     COMMON   BANK0   BANK1   BANK3   BANK2
      Params:         0       0       0       0       0
      Locals:         1       0       0       0       0
      Temps:          2       0       0       0       0
      Totals:         3       0       0       0       0
Total ram usage:        3 bytes
 Hardware stack levels used:    1
 Hardware stack levels required when called:    1
 This function calls:
		_delay
 This function is called by:
		_LCD_CLR
		_LCD_CURSOR
		_LCD_PROG
 This function uses a non-reentrant model


 *************** function _delay *****************
 Defined at:
		line 66 in file "lcd.c"
 Parameters:    Size  Location     Type
		None
 Auto vars:     Size  Location     Type
  d               2    4[COMMON] int 
  c               2    0        int 
 Return value:  Size  Location     Type
                  2    0[COMMON] int 
 Registers used:
		wreg
 Tracked objects:
		On entry : 
		On exit  : 
		Unchanged: 
 Data sizes:     COMMON   BANK0   BANK1   BANK3   BANK2
      Params:         2       0       0       0       0
      Locals:         4       0       0       0       0
      Temps:          0       0       0       0       0
      Totals:         6       0       0       0       0
Total ram usage:        6 bytes
 Hardware stack levels used:    1
 This function calls:
		Nothing
 This function is called by:
		_LCD_INIT
		_LCD_PROG
		_CHAR
 This function uses a non-reentrant model


 *************** function _INTERRUPCIONES *****************
 Defined at:
		line 17 in file "ADC.c"
 Parameters:    Size  Location     Type
		None
 Auto vars:     Size  Location     Type
		None
 Return value:  Size  Location     Type
                  1    wreg      void 
 Registers used:
		None
 Tracked objects:
		On entry : 
		On exit  : 
		Unchanged: 
 Data sizes:     COMMON   BANK0   BANK1   BANK3   BANK2
      Params:         0       0       0       0       0
      Locals:         0       0       0       0       0
      Temps:          0       0       0       0       0
      Totals:         0       0       0       0       0
Total ram usage:        0 bytes
 Hardware stack levels used:    1
 This function calls:
		Nothing
 This function is called by:
		_main
 This function uses a non-reentrant model


 *************** function _ADC1 *****************
 Defined at:
		line 11 in file "ADC.c"
 Parameters:    Size  Location     Type
		None
 Auto vars:     Size  Location     Type
		None
 Return value:  Size  Location     Type
                  1    wreg      void 
 Registers used:
		None
 Tracked objects:
		On entry : 
		On exit  : 
		Unchanged: 
 Data sizes:     COMMON   BANK0   BANK1   BANK3   BANK2
      Params:         0       0       0       0       0
      Locals:         0       0       0       0       0
      Temps:          0       0       0       0       0
      Totals:         0       0       0       0       0
Total ram usage:        0 bytes
 Hardware stack levels used:    1
 This function calls:
		Nothing
 This function is called by:
		_main
 This function uses a non-reentrant model


 *************** function _ADC *****************
 Defined at:
		line 3 in file "ADC.c"
 Parameters:    Size  Location     Type
		None
 Auto vars:     Size  Location     Type
		None
 Return value:  Size  Location     Type
                  1    wreg      void 
 Registers used:
		None
 Tracked objects:
		On entry : 
		On exit  : 
		Unchanged: 
 Data sizes:     COMMON   BANK0   BANK1   BANK3   BANK2
      Params:         0       0       0       0       0
      Locals:         0       0       0       0       0
      Temps:          0       0       0       0       0
      Totals:         0       0       0       0       0
Total ram usage:        0 bytes
 Hardware stack levels used:    1
 This function calls:
		Nothing
 This function is called by:
		_main
 This function uses a non-reentrant model



MODULE INFORMATION

Module		Function		Class		Link	Load	Size
C:\Program Files (x86)\Microchip\xc8\v2.10\pic\sources\c90\common\fleq.c
		___fleq        		CODE           	1AD0	0000	79

C:\Program Files (x86)\Microchip\xc8\v2.10\pic\sources\c90\common\fleq.c estimated size: 79

C:\Program Files (x86)\Microchip\xc8\v2.10\pic\sources\c90\common\lwdiv.c
		___lwdiv       		CODE           	19FA	0000	69

C:\Program Files (x86)\Microchip\xc8\v2.10\pic\sources\c90\common\lwdiv.c estimated size: 69

C:\Program Files (x86)\Microchip\xc8\v2.10\pic\sources\c90\common\awdiv.c
		___awdiv       		CODE           	08D7	0000	106

C:\Program Files (x86)\Microchip\xc8\v2.10\pic\sources\c90\common\awdiv.c estimated size: 106

C:\Program Files (x86)\Microchip\xc8\v2.10\pic\sources\c90\common\fltol.c
		___fltol       		CODE           	1003	0000	125

C:\Program Files (x86)\Microchip\xc8\v2.10\pic\sources\c90\common\fltol.c estimated size: 125

C:\Program Files (x86)\Microchip\xc8\v2.10\pic\sources\c90\common\ftdivl.c
		__tdiv_to_l_   		CODE           	1D8D	0000	190

C:\Program Files (x86)\Microchip\xc8\v2.10\pic\sources\c90\common\ftdivl.c estimated size: 190

C:\Program Files (x86)\Microchip\xc8\v2.10\pic\sources\c90\common\Umul16.c
		___wmul        		CODE           	194D	0000	38

C:\Program Files (x86)\Microchip\xc8\v2.10\pic\sources\c90\common\Umul16.c estimated size: 38

C:\Program Files (x86)\Microchip\xc8\v2.10\pic\sources\c90\common\fldivl.c
		__div_to_l_    		CODE           	107F	0000	191

C:\Program Files (x86)\Microchip\xc8\v2.10\pic\sources\c90\common\fldivl.c estimated size: 191

Lab3.c
		_SETUP         		CODE           	000E	0000	20
		_main          		CODE           	1E4A	0000	439

Lab3.c estimated size: 459

C:\Program Files (x86)\Microchip\xc8\v2.10\pic\sources\c90\common\sprcmul.c
		___flmul       		CODE           	0C9F	0000	866

C:\Program Files (x86)\Microchip\xc8\v2.10\pic\sources\c90\common\sprcmul.c estimated size: 866

C:\Program Files (x86)\Microchip\xc8\v2.10\pic\sources\c90\common\Umul8_16.c
		__Umul8_16     		CODE           	1999	0000	40

C:\Program Files (x86)\Microchip\xc8\v2.10\pic\sources\c90\common\Umul8_16.c estimated size: 40

C:\Program Files (x86)\Microchip\xc8\v2.10\pic\sources\c90\common\__lldiv.c
		___lldiv       		CODE           	1BCB	0000	103

C:\Program Files (x86)\Microchip\xc8\v2.10\pic\sources\c90\common\__lldiv.c estimated size: 103

C:\Program Files (x86)\Microchip\xc8\v2.10\pic\sources\c90\common\sprcdiv.c
		___fldiv       		CODE           	113D	0000	484

C:\Program Files (x86)\Microchip\xc8\v2.10\pic\sources\c90\common\sprcdiv.c estimated size: 484

C:\Program Files (x86)\Microchip\xc8\v2.10\pic\sources\c90\common\flneg.c
		___flneg       		CODE           	0003	0000	12

C:\Program Files (x86)\Microchip\xc8\v2.10\pic\sources\c90\common\flneg.c estimated size: 12

C:\Program Files (x86)\Microchip\xc8\v2.10\pic\sources\c90\common\flge.c
		___flge        		CODE           	1C31	0000	163

C:\Program Files (x86)\Microchip\xc8\v2.10\pic\sources\c90\common\flge.c estimated size: 163

C:\Program Files (x86)\Microchip\xc8\v2.10\pic\sources\c90\common\xxtofl.c
		___xxtofl      		CODE           	1CD3	0000	187

C:\Program Files (x86)\Microchip\xc8\v2.10\pic\sources\c90\common\xxtofl.c estimated size: 187

shared
		__stringtab    		STRING         	0800	0000	17
		__powers_      		STRING         	0810	0000	53
		_dpowers       		STRING         	0878	0000	41
		__npowers_     		STRING         	0844	0000	53
		__initialization		CODE           	07F3	0000	10

shared estimated size: 174

ADC.c
		_INTERRUPCIONES		CODE           	18C3	0000	19
		_ADC           		CODE           	18A7	0000	9
		_ADC1          		CODE           	18A0	0000	8

ADC.c estimated size: 36

C:\Program Files (x86)\Microchip\xc8\v2.10\pic\sources\c90\common\lwmod.c
		___lwmod       		CODE           	19C0	0000	59

C:\Program Files (x86)\Microchip\xc8\v2.10\pic\sources\c90\common\lwmod.c estimated size: 59

C:\Program Files (x86)\Microchip\xc8\v2.10\pic\sources\c90\common\awmod.c
		___awmod       		CODE           	1B72	0000	90

C:\Program Files (x86)\Microchip\xc8\v2.10\pic\sources\c90\common\awmod.c estimated size: 90

lcd.c
		_LCD_INIT      		CODE           	18E7	0000	33
		_delay         		CODE           	18B7	0000	13
		_CHAR          		CODE           	1907	0000	35
		_LCD_CLR       		CODE           	08CA	0000	14
		_LCD_CURSOR    		CODE           	1972	0000	40
		_LCD_PROG      		CODE           	1A84	0000	77
		_WRITE         		CODE           	1A3E	0000	71

lcd.c estimated size: 283

C:\Program Files (x86)\Microchip\xc8\v2.10\pic\sources\c90\common\isdigit.c
		_isdigit       		CODE           	18D5	0000	19

C:\Program Files (x86)\Microchip\xc8\v2.10\pic\sources\c90\common\isdigit.c estimated size: 19

C:\Program Files (x86)\Microchip\xc8\v2.10\pic\sources\c90\common\llmod.c
		___llmod       		CODE           	1B1E	0000	85

C:\Program Files (x86)\Microchip\xc8\v2.10\pic\sources\c90\common\llmod.c estimated size: 85

C:\Program Files (x86)\Microchip\xc8\v2.10\pic\sources\c90\common\sprcadd.c
		___flsub       		CODE           	1929	0000	37
		___fladd       		CODE           	0021	0000	649

C:\Program Files (x86)\Microchip\xc8\v2.10\pic\sources\c90\common\sprcadd.c estimated size: 686

C:\Program Files (x86)\Microchip\xc8\v2.10\pic\sources\c90\common\doprnt.c
		_scale         		CODE           	0940	0000	864
		_sprintf       		CODE           	152B	0000	2080
		_fround        		CODE           	1320	0000	524

C:\Program Files (x86)\Microchip\xc8\v2.10\pic\sources\c90\common\doprnt.c estimated size: 3468

